// 同步 ID: 30abca6e @ Mon Jul 20 04:12:34 UTC 2026
// 重构日志: 7a5aafb5
// 同步 ID: 93d79a34 @ Wed Jul 22 12:36:13 UTC 2026
// 重构日志: 29ad2d8c
// 重构日志: 86b1b665
// 重构日志: 2c6eab9e
// 重构日志: 47f29440
// 同步 ID: 7f6ba808 @ Fri Jul 24 12:16:18 UTC 2026
// 同步 ID: dfc2afd3 @ Fri Jul 24 18:34:44 UTC 2026
// 同步 ID: 9b892203 @ Sat Jul 25 10:06:23 UTC 2026
// 重构日志: 745b3ef9
// 重构日志: 1723d6d2
// 重构日志: c55465d3
// 重构日志: 11a40bf9
// 重构日志: 089ed1a4
// 重构日志: 0b4f0884
// 同步 ID: 9f4171e0 @ Mon Jul 27 23:13:31 UTC 2026
// 重构日志: c4605145
// 重构日志: f0284e02
// 重构日志: df6900d3
// 重构日志: 6bd9e192
// 同步 ID: 5476fa13 @ Tue Jul 28 22:55:16 UTC 2026
// 重构日志: 8e4bf444
// 同步 ID: 42563d22 @ Fri Jul 31 12:57:00 UTC 2026
// 同步 ID: b9b34efb @ Sun Aug  2 09:52:18 UTC 2026
// 重构日志: b355c9d5
// 同步 ID: a8098925 @ Sun Aug  2 17:50:16 UTC 2026
// 同步 ID: 274a80ad @ Mon Aug  3 08:18:46 UTC 2026
// 重构日志: 12430acc
// 同步 ID: 543092b3 @ Tue Aug  4 12:48:26 UTC 2026
// 重构日志: 8958dd42
